// Jest Snapshot v1, https://goo.gl/fbAQLP

exports[`Core Constructs CDK Nag Compliance IdpPythonLayerVersion satisfies CDK NAG AwsSolutionsChecks with minimal configuration 1`] = `
{
  "Parameters": {
    "BootstrapVersion": {
      "Default": "/cdk-bootstrap/hnb659fds/version",
      "Description": "Version of the CDK Bootstrap resources in this environment, automatically retrieved from SSM Parameter Store. [cdk:skip]",
      "Type": "AWS::SSM::Parameter::Value<String>",
    },
  },
  "Resources": {
    "comamazonawscdkcdklabsgenaiidpidpcommonlayer1695a11fC9CF6570": {
      "Metadata": {
        "cdk_nag": {
          "rules_to_suppress": [
            {
              "id": "AwsSolutions-L1",
              "reason": "Lambda layer uses supported Python runtime version as required by the IDP framework",
            },
          ],
        },
      },
      "Properties": {
        "CompatibleRuntimes": [
          "python3.12",
        ],
        "Content": {
          "S3Bucket": {
            "Fn::Sub": "cdk-hnb659fds-assets-\${AWS::AccountId}-\${AWS::Region}",
          },
          "S3Key": "30b3ba90159d31e284ee43e6f518f32b456050143141edcb11f0d59b811e6135.zip",
        },
        "Description": "Lambda Layer containing the idp_common Python package with modules: core",
      },
      "Type": "AWS::Lambda::LayerVersion",
    },
  },
  "Rules": {
    "CheckBootstrapVersion": {
      "Assertions": [
        {
          "Assert": {
            "Fn::Not": [
              {
                "Fn::Contains": [
                  [
                    "1",
                    "2",
                    "3",
                    "4",
                    "5",
                  ],
                  {
                    "Ref": "BootstrapVersion",
                  },
                ],
              },
            ],
          },
          "AssertDescription": "CDK bootstrap stack version 6 required. Please run 'cdk bootstrap' with a recent version of the CDK CLI.",
        },
      ],
    },
  },
}
`;

exports[`Core Constructs CDK Nag Compliance IdpPythonLayerVersion satisfies CDK NAG with comprehensive module configuration 1`] = `
{
  "Parameters": {
    "BootstrapVersion": {
      "Default": "/cdk-bootstrap/hnb659fds/version",
      "Description": "Version of the CDK Bootstrap resources in this environment, automatically retrieved from SSM Parameter Store. [cdk:skip]",
      "Type": "AWS::SSM::Parameter::Value<String>",
    },
  },
  "Resources": {
    "comamazonawscdkcdklabsgenaiidpidpcommonlayeref7b2694B946B9A8": {
      "Metadata": {
        "cdk_nag": {
          "rules_to_suppress": [
            {
              "id": "AwsSolutions-L1",
              "reason": "Lambda layer uses supported Python runtime version as required by the IDP framework with multiple modules",
            },
          ],
        },
      },
      "Properties": {
        "CompatibleRuntimes": [
          "python3.12",
        ],
        "Content": {
          "S3Bucket": {
            "Fn::Sub": "cdk-hnb659fds-assets-\${AWS::AccountId}-\${AWS::Region}",
          },
          "S3Key": "30b3ba90159d31e284ee43e6f518f32b456050143141edcb11f0d59b811e6135.zip",
        },
        "Description": "Lambda Layer containing the idp_common Python package with modules: assessment, classification, ocr",
      },
      "Type": "AWS::Lambda::LayerVersion",
    },
  },
  "Rules": {
    "CheckBootstrapVersion": {
      "Assertions": [
        {
          "Assert": {
            "Fn::Not": [
              {
                "Fn::Contains": [
                  [
                    "1",
                    "2",
                    "3",
                    "4",
                    "5",
                  ],
                  {
                    "Ref": "BootstrapVersion",
                  },
                ],
              },
            ],
          },
          "AssertDescription": "CDK bootstrap stack version 6 required. Please run 'cdk bootstrap' with a recent version of the CDK CLI.",
        },
      ],
    },
  },
}
`;
